// Jest Snapshot v1, https://goo.gl/fbAQLP

exports[`model.Client booking.fetch: booking-AAAA12 1`] = `
Object {
  "options": Object {
    "departure": Array [
      Object {
        "arrival": "2022-01-13T16:34:00.000Z",
        "departure": "2022-01-13T13:37:00.000Z",
        "from": Object {
          "code": "ARN",
          "name": "Arlanda Airport",
        },
        "meals": Array [
          Object {
            "alternatives": Array [
              Object {
                "description": "Spicey chicken served with rice and steamed vegetables",
                "name": "Tandoori Chicken",
                "price": Object {
                  "amount": 200,
                  "currency": "SEK",
                },
              },
              Object {
                "description": "Fried fish files served with fried potato wedges, tartar sauce, mashed peas and vinegar",
                "name": "Fish & Chips",
                "price": Object {
                  "amount": 150,
                  "currency": "SEK",
                },
              },
            ],
            "name": "Dinner",
          },
          Object {
            "alternatives": Array [
              Object {
                "description": "Some chocolate and so on.",
                "name": "Sparkling wine & Chocolate",
                "price": Object {
                  "amount": 200,
                  "currency": "SEK",
                },
              },
              Object {
                "description": "Some champagne and so on.",
                "name": "Champagne & Chocolate",
                "price": Object {
                  "amount": 300,
                  "currency": "SEK",
                },
              },
            ],
            "name": "Celebration",
          },
        ],
        "reference": "FL-001",
        "seating": Array [
          Object {
            "exit": true,
            "groups": Array [
              Object {
                "seats": Array [
                  Object {
                    "category": "exit-legroom",
                    "class": "first-class",
                    "legroom": true,
                    "price": Object {
                      "amount": 400,
                      "currency": "SEK",
                    },
                    "status": "available",
                  },
                ],
              },
              Object {
                "seats": Array [
                  Object {
                    "category": "exit-legroom",
                    "class": "first-class",
                    "legroom": true,
                    "price": Object {
                      "amount": 400,
                      "currency": "SEK",
                    },
                    "status": "available",
                  },
                  Object {
                    "category": "exit-legroom",
                    "class": "first-class",
                    "legroom": true,
                    "price": Object {
                      "amount": 400,
                      "currency": "SEK",
                    },
                    "status": "available",
                  },
                ],
              },
            ],
          },
          Object {
            "groups": Array [
              Object {
                "seats": Array [
                  Object {
                    "category": "legroom",
                    "class": "first-class",
                    "legroom": true,
                    "price": Object {
                      "amount": 400,
                      "currency": "SEK",
                    },
                    "status": "available",
                  },
                ],
              },
              Object {
                "seats": Array [
                  Object {
                    "category": "legroom",
                    "class": "first-class",
                    "legroom": true,
                    "price": Object {
                      "amount": 400,
                      "currency": "SEK",
                    },
                    "status": "available",
                  },
                  Object {
                    "category": "legroom",
                    "class": "first-class",
                    "legroom": true,
                    "price": Object {
                      "amount": 400,
                      "currency": "SEK",
                    },
                    "status": "available",
                  },
                ],
              },
            ],
          },
          Object {
            "groups": Array [
              Object {
                "seats": Array [
                  Object {
                    "category": "legroom",
                    "class": "first-class",
                    "legroom": true,
                    "price": Object {
                      "amount": 400,
                      "currency": "SEK",
                    },
                    "status": "available",
                  },
                ],
              },
              Object {
                "toilet": true,
              },
            ],
          },
          Object {},
          Object {
            "groups": Array [
              Object {
                "seats": Array [
                  Object {
                    "class": "premium-economy",
                    "price": Object {
                      "amount": 300,
                      "currency": "SEK",
                    },
                    "status": "available",
                  },
                  Object {
                    "class": "premium-economy",
                    "price": Object {
                      "amount": 300,
                      "currency": "SEK",
                    },
                    "status": "available",
                  },
                ],
              },
              Object {
                "seats": Array [
                  Object {
                    "class": "premium-economy",
                    "price": Object {
                      "amount": 300,
                      "currency": "SEK",
                    },
                    "status": "available",
                  },
                  Object {
                    "class": "premium-economy",
                    "price": Object {
                      "amount": 300,
                      "currency": "SEK",
                    },
                    "status": "available",
                  },
                ],
              },
            ],
          },
          Object {
            "groups": Array [
              Object {
                "seats": Array [
                  Object {
                    "class": "premium-economy",
                    "price": Object {
                      "amount": 300,
                      "currency": "SEK",
                    },
                    "status": "available",
                  },
                  Object {
                    "class": "premium-economy",
                    "price": Object {
                      "amount": 300,
                      "currency": "SEK",
                    },
                    "status": "available",
                  },
                ],
              },
              Object {
                "seats": Array [
                  Object {
                    "class": "premium-economy",
                    "price": Object {
                      "amount": 300,
                      "currency": "SEK",
                    },
                    "status": "available",
                  },
                  Object {
                    "class": "premium-economy",
                    "price": Object {
                      "amount": 300,
                      "currency": "SEK",
                    },
                    "status": "available",
                  },
                ],
              },
            ],
          },
          Object {
            "groups": Array [
              Object {
                "seats": Array [
                  Object {
                    "class": "premium-economy",
                    "price": Object {
                      "amount": 300,
                      "currency": "SEK",
                    },
                    "status": "available",
                  },
                  Object {
                    "class": "premium-economy",
                    "price": Object {
                      "amount": 300,
                      "currency": "SEK",
                    },
                    "status": "available",
                  },
                ],
              },
              Object {
                "seats": Array [
                  Object {
                    "class": "premium-economy",
                    "price": Object {
                      "amount": 300,
                      "currency": "SEK",
                    },
                    "status": "available",
                  },
                  Object {
                    "class": "premium-economy",
                    "price": Object {
                      "amount": 300,
                      "currency": "SEK",
                    },
                    "status": "available",
                  },
                ],
              },
            ],
          },
          Object {
            "groups": Array [
              Object {
                "seats": Array [
                  Object {
                    "class": "premium-economy",
                    "price": Object {
                      "amount": 300,
                      "currency": "SEK",
                    },
                    "status": "available",
                  },
                  Object {
                    "class": "premium-economy",
                    "price": Object {
                      "amount": 300,
                      "currency": "SEK",
                    },
                    "status": "available",
                  },
                ],
              },
              Object {
                "seats": Array [
                  Object {
                    "class": "premium-economy",
                    "price": Object {
                      "amount": 300,
                      "currency": "SEK",
                    },
                    "status": "available",
                  },
                  Object {
                    "class": "premium-economy",
                    "price": Object {
                      "amount": 300,
                      "currency": "SEK",
                    },
                    "status": "available",
                  },
                ],
              },
            ],
          },
          Object {
            "groups": Array [
              Object {
                "seats": Array [
                  Object {
                    "class": "economy",
                    "price": Object {
                      "amount": 200,
                      "currency": "SEK",
                    },
                    "status": "available",
                  },
                  Object {
                    "class": "economy",
                    "price": Object {
                      "amount": 200,
                      "currency": "SEK",
                    },
                    "status": "available",
                  },
                ],
              },
              Object {
                "seats": Array [
                  Object {
                    "class": "economy",
                    "price": Object {
                      "amount": 200,
                      "currency": "SEK",
                    },
                    "status": "available",
                  },
                  Object {
                    "class": "economy",
                    "price": Object {
                      "amount": 200,
                      "currency": "SEK",
                    },
                    "status": "available",
                  },
                ],
              },
            ],
          },
          Object {
            "groups": Array [
              Object {
                "seats": Array [
                  Object {
                    "class": "economy",
                    "price": Object {
                      "amount": 200,
                      "currency": "SEK",
                    },
                    "status": "available",
                  },
                  Object {
                    "class": "economy",
                    "price": Object {
                      "amount": 200,
                      "currency": "SEK",
                    },
                    "status": "available",
                  },
                ],
              },
              Object {
                "seats": Array [
                  Object {
                    "class": "economy",
                    "price": Object {
                      "amount": 200,
                      "currency": "SEK",
                    },
                    "status": "available",
                  },
                  Object {
                    "class": "economy",
                    "price": Object {
                      "amount": 200,
                      "currency": "SEK",
                    },
                    "status": "available",
                  },
                ],
              },
            ],
          },
          Object {
            "groups": Array [
              Object {
                "seats": Array [
                  Object {
                    "class": "economy",
                    "price": Object {
                      "amount": 200,
                      "currency": "SEK",
                    },
                    "status": "available",
                  },
                  Object {
                    "class": "economy",
                    "price": Object {
                      "amount": 200,
                      "currency": "SEK",
                    },
                    "status": "available",
                  },
                ],
              },
              Object {
                "seats": Array [
                  Object {
                    "class": "economy",
                    "price": Object {
                      "amount": 200,
                      "currency": "SEK",
                    },
                    "status": "available",
                  },
                  Object {
                    "class": "economy",
                    "price": Object {
                      "amount": 200,
                      "currency": "SEK",
                    },
                    "status": "available",
                  },
                ],
              },
            ],
          },
          Object {
            "groups": Array [
              Object {
                "seats": Array [
                  Object {
                    "class": "economy",
                    "price": Object {
                      "amount": 200,
                      "currency": "SEK",
                    },
                    "status": "available",
                  },
                  Object {
                    "class": "economy",
                    "price": Object {
                      "amount": 200,
                      "currency": "SEK",
                    },
                    "status": "available",
                  },
                ],
              },
              Object {
                "seats": Array [
                  Object {
                    "class": "economy",
                    "price": Object {
                      "amount": 200,
                      "currency": "SEK",
                    },
                    "status": "available",
                  },
                  Object {
                    "class": "economy",
                    "price": Object {
                      "amount": 200,
                      "currency": "SEK",
                    },
                    "status": "available",
                  },
                ],
              },
            ],
          },
          Object {
            "exit": true,
            "groups": Array [
              Object {
                "seats": Array [
                  Object {
                    "category": "exit-legroom",
                    "class": "economy",
                    "legroom": true,
                    "price": Object {
                      "amount": 200,
                      "currency": "SEK",
                    },
                    "status": "available",
                  },
                  Object {
                    "category": "exit-legroom",
                    "class": "economy",
                    "legroom": true,
                    "price": Object {
                      "amount": 200,
                      "currency": "SEK",
                    },
                    "status": "available",
                  },
                ],
              },
              Object {
                "seats": Array [
                  Object {
                    "category": "exit-legroom",
                    "class": "economy",
                    "legroom": true,
                    "price": Object {
                      "amount": 200,
                      "currency": "SEK",
                    },
                    "status": "available",
                  },
                  Object {
                    "category": "exit-legroom",
                    "class": "economy",
                    "legroom": true,
                    "price": Object {
                      "amount": 200,
                      "currency": "SEK",
                    },
                    "status": "available",
                  },
                ],
              },
            ],
          },
          Object {
            "groups": Array [
              Object {
                "seats": Array [
                  Object {
                    "class": "economy",
                    "price": Object {
                      "amount": 200,
                      "currency": "SEK",
                    },
                    "status": "available",
                  },
                  Object {
                    "class": "economy",
                    "price": Object {
                      "amount": 200,
                      "currency": "SEK",
                    },
                    "status": "available",
                  },
                ],
              },
              Object {
                "seats": Array [
                  Object {
                    "class": "economy",
                    "price": Object {
                      "amount": 200,
                      "currency": "SEK",
                    },
                    "status": "available",
                  },
                  Object {
                    "class": "economy",
                    "price": Object {
                      "amount": 200,
                      "currency": "SEK",
                    },
                    "status": "available",
                  },
                ],
              },
            ],
          },
          Object {
            "groups": Array [
              Object {
                "seats": Array [
                  Object {
                    "class": "economy",
                    "price": Object {
                      "amount": 200,
                      "currency": "SEK",
                    },
                    "status": "available",
                  },
                  Object {
                    "class": "economy",
                    "price": Object {
                      "amount": 200,
                      "currency": "SEK",
                    },
                    "status": "available",
                  },
                ],
              },
              Object {
                "seats": Array [
                  Object {
                    "class": "economy",
                    "price": Object {
                      "amount": 200,
                      "currency": "SEK",
                    },
                    "status": "available",
                  },
                  Object {
                    "class": "economy",
                    "price": Object {
                      "amount": 200,
                      "currency": "SEK",
                    },
                    "status": "available",
                  },
                ],
              },
            ],
          },
          Object {
            "groups": Array [
              Object {
                "seats": Array [
                  Object {
                    "class": "economy",
                    "price": Object {
                      "amount": 200,
                      "currency": "SEK",
                    },
                    "status": "available",
                  },
                  Object {
                    "class": "economy",
                    "price": Object {
                      "amount": 200,
                      "currency": "SEK",
                    },
                    "status": "available",
                  },
                ],
              },
              Object {
                "seats": Array [
                  Object {
                    "class": "economy",
                    "price": Object {
                      "amount": 200,
                      "currency": "SEK",
                    },
                    "status": "available",
                  },
                  Object {
                    "class": "economy",
                    "price": Object {
                      "amount": 200,
                      "currency": "SEK",
                    },
                    "status": "available",
                  },
                ],
              },
            ],
          },
          Object {
            "groups": Array [
              Object {
                "seats": Array [
                  Object {
                    "class": "economy",
                    "price": Object {
                      "amount": 200,
                      "currency": "SEK",
                    },
                    "status": "available",
                  },
                  Object {
                    "class": "economy",
                    "price": Object {
                      "amount": 200,
                      "currency": "SEK",
                    },
                    "status": "available",
                  },
                ],
              },
              Object {
                "seats": Array [
                  Object {
                    "class": "economy",
                    "price": Object {
                      "amount": 200,
                      "currency": "SEK",
                    },
                    "status": "available",
                  },
                  Object {
                    "class": "economy",
                    "price": Object {
                      "amount": 200,
                      "currency": "SEK",
                    },
                    "status": "available",
                  },
                ],
              },
            ],
          },
          Object {
            "groups": Array [
              Object {
                "seats": Array [
                  Object {
                    "class": "economy",
                    "price": Object {
                      "amount": 200,
                      "currency": "SEK",
                    },
                    "status": "available",
                  },
                  Object {
                    "class": "economy",
                    "price": Object {
                      "amount": 200,
                      "currency": "SEK",
                    },
                    "status": "available",
                  },
                ],
              },
              Object {
                "seats": Array [
                  Object {
                    "class": "economy",
                    "price": Object {
                      "amount": 200,
                      "currency": "SEK",
                    },
                    "status": "available",
                  },
                  Object {
                    "class": "economy",
                    "price": Object {
                      "amount": 200,
                      "currency": "SEK",
                    },
                    "status": "available",
                  },
                ],
              },
            ],
          },
          Object {
            "groups": Array [
              Object {
                "seats": Array [
                  Object {
                    "class": "economy",
                    "price": Object {
                      "amount": 200,
                      "currency": "SEK",
                    },
                    "status": "available",
                  },
                  Object {
                    "class": "economy",
                    "price": Object {
                      "amount": 200,
                      "currency": "SEK",
                    },
                    "status": "available",
                  },
                ],
              },
              Object {
                "seats": Array [
                  Object {
                    "class": "economy",
                    "price": Object {
                      "amount": 200,
                      "currency": "SEK",
                    },
                    "status": "available",
                  },
                  Object {
                    "class": "economy",
                    "price": Object {
                      "amount": 200,
                      "currency": "SEK",
                    },
                    "status": "available",
                  },
                ],
              },
            ],
          },
        ],
        "to": Object {
          "code": "LHR",
          "name": "Heathrow Airport",
        },
      },
    ],
    "luggage": Array [
      Object {
        "description": "Golf bag with a maximum weight of 15kg",
        "name": "Golf Bag",
        "price": Object {
          "amount": 400,
          "currency": "SEK",
        },
        "reference": "lug-002",
        "weight": 15,
      },
      Object {
        "description": "An instrument inside a hardcase",
        "name": "Instrument in Hardcase",
        "price": Object {
          "amount": 500,
          "currency": "SEK",
        },
        "reference": "lug-003",
        "weight": 10,
      },
      Object {
        "description": "Added weight when a piece of luggage exceeds weight limit.",
        "name": "Extra weight, medium",
        "price": Object {
          "amount": 200,
          "currency": "SEK",
        },
        "reference": "lug-010",
        "weight": 10,
      },
      Object {
        "description": "Extra bag with the maximum weight of 20kg",
        "name": "Extra Bag",
        "price": Object {
          "amount": 300,
          "currency": "SEK",
        },
        "reference": "lug-006",
        "weight": 20,
      },
      Object {
        "description": "Luggage which exceeds size requirements",
        "name": "Oversize luggage",
        "price": Object {
          "amount": 770,
          "currency": "SEK",
        },
        "reference": "lug-007",
        "weight": 20,
      },
    ],
    "return": Array [
      Object {
        "arrival": "2022-01-15T19:51:00.000Z",
        "departure": "2022-01-15T16:29:00.000Z",
        "from": Object {
          "code": "LHR",
          "name": "Heathrow Airport",
        },
        "meals": Array [
          Object {
            "alternatives": Array [
              Object {
                "description": "Some chocolate and so on.",
                "name": "Sparkling wine & Chocolate",
                "price": Object {
                  "amount": 200,
                  "currency": "SEK",
                },
              },
              Object {
                "description": "Some champagne and so on.",
                "name": "Champagne & Chocolate",
                "price": Object {
                  "amount": 300,
                  "currency": "SEK",
                },
              },
            ],
            "name": "Celebration",
          },
          Object {
            "alternatives": Array [
              Object {
                "description": "Spicey chicken served with rice and steamed vegetables",
                "name": "Tandoori Chicken",
                "price": Object {
                  "amount": 200,
                  "currency": "SEK",
                },
              },
              Object {
                "description": "Fried fish files served with fried potato wedges, tartar sauce, mashed peas and vinegar",
                "name": "Fish & Chips",
                "price": Object {
                  "amount": 150,
                  "currency": "SEK",
                },
              },
            ],
            "name": "Dinner",
          },
        ],
        "reference": "FL-002",
        "seating": Array [
          Object {
            "exit": true,
            "groups": Array [
              Object {
                "seats": Array [
                  Object {
                    "category": "exit-legroom",
                    "class": "first-class",
                    "legroom": true,
                    "price": Object {
                      "amount": 400,
                      "currency": "SEK",
                    },
                    "status": "available",
                  },
                ],
              },
              Object {
                "seats": Array [
                  Object {
                    "category": "exit-legroom",
                    "class": "first-class",
                    "legroom": true,
                    "price": Object {
                      "amount": 400,
                      "currency": "SEK",
                    },
                    "status": "available",
                  },
                  Object {
                    "category": "exit-legroom",
                    "class": "first-class",
                    "legroom": true,
                    "price": Object {
                      "amount": 400,
                      "currency": "SEK",
                    },
                    "status": "available",
                  },
                ],
              },
            ],
          },
          Object {
            "groups": Array [
              Object {
                "seats": Array [
                  Object {
                    "category": "legroom",
                    "class": "first-class",
                    "legroom": true,
                    "price": Object {
                      "amount": 400,
                      "currency": "SEK",
                    },
                    "status": "available",
                  },
                ],
              },
              Object {
                "seats": Array [
                  Object {
                    "category": "legroom",
                    "class": "first-class",
                    "legroom": true,
                    "price": Object {
                      "amount": 400,
                      "currency": "SEK",
                    },
                    "status": "available",
                  },
                  Object {
                    "category": "legroom",
                    "class": "first-class",
                    "legroom": true,
                    "price": Object {
                      "amount": 400,
                      "currency": "SEK",
                    },
                    "status": "available",
                  },
                ],
              },
            ],
          },
          Object {
            "groups": Array [
              Object {
                "seats": Array [
                  Object {
                    "category": "legroom",
                    "class": "first-class",
                    "legroom": true,
                    "price": Object {
                      "amount": 400,
                      "currency": "SEK",
                    },
                    "status": "available",
                  },
                ],
              },
              Object {
                "toilet": true,
              },
            ],
          },
          Object {},
          Object {
            "groups": Array [
              Object {
                "seats": Array [
                  Object {
                    "class": "premium-economy",
                    "price": Object {
                      "amount": 300,
                      "currency": "SEK",
                    },
                    "status": "available",
                  },
                  Object {
                    "class": "premium-economy",
                    "price": Object {
                      "amount": 300,
                      "currency": "SEK",
                    },
                    "status": "available",
                  },
                ],
              },
              Object {
                "seats": Array [
                  Object {
                    "class": "premium-economy",
                    "price": Object {
                      "amount": 300,
                      "currency": "SEK",
                    },
                    "status": "available",
                  },
                  Object {
                    "class": "premium-economy",
                    "price": Object {
                      "amount": 300,
                      "currency": "SEK",
                    },
                    "status": "available",
                  },
                ],
              },
            ],
          },
          Object {
            "groups": Array [
              Object {
                "seats": Array [
                  Object {
                    "class": "premium-economy",
                    "price": Object {
                      "amount": 300,
                      "currency": "SEK",
                    },
                    "status": "available",
                  },
                  Object {
                    "class": "premium-economy",
                    "price": Object {
                      "amount": 300,
                      "currency": "SEK",
                    },
                    "status": "available",
                  },
                ],
              },
              Object {
                "seats": Array [
                  Object {
                    "class": "premium-economy",
                    "price": Object {
                      "amount": 300,
                      "currency": "SEK",
                    },
                    "status": "available",
                  },
                  Object {
                    "class": "premium-economy",
                    "price": Object {
                      "amount": 300,
                      "currency": "SEK",
                    },
                    "status": "available",
                  },
                ],
              },
            ],
          },
          Object {
            "groups": Array [
              Object {
                "seats": Array [
                  Object {
                    "class": "premium-economy",
                    "price": Object {
                      "amount": 300,
                      "currency": "SEK",
                    },
                    "status": "available",
                  },
                  Object {
                    "class": "premium-economy",
                    "price": Object {
                      "amount": 300,
                      "currency": "SEK",
                    },
                    "status": "available",
                  },
                ],
              },
              Object {
                "seats": Array [
                  Object {
                    "class": "premium-economy",
                    "price": Object {
                      "amount": 300,
                      "currency": "SEK",
                    },
                    "status": "available",
                  },
                  Object {
                    "class": "premium-economy",
                    "price": Object {
                      "amount": 300,
                      "currency": "SEK",
                    },
                    "status": "available",
                  },
                ],
              },
            ],
          },
          Object {
            "groups": Array [
              Object {
                "seats": Array [
                  Object {
                    "class": "premium-economy",
                    "price": Object {
                      "amount": 300,
                      "currency": "SEK",
                    },
                    "status": "available",
                  },
                  Object {
                    "class": "premium-economy",
                    "price": Object {
                      "amount": 300,
                      "currency": "SEK",
                    },
                    "status": "available",
                  },
                ],
              },
              Object {
                "seats": Array [
                  Object {
                    "class": "premium-economy",
                    "price": Object {
                      "amount": 300,
                      "currency": "SEK",
                    },
                    "status": "available",
                  },
                  Object {
                    "class": "premium-economy",
                    "price": Object {
                      "amount": 300,
                      "currency": "SEK",
                    },
                    "status": "available",
                  },
                ],
              },
            ],
          },
          Object {
            "groups": Array [
              Object {
                "seats": Array [
                  Object {
                    "class": "economy",
                    "price": Object {
                      "amount": 200,
                      "currency": "SEK",
                    },
                    "status": "available",
                  },
                  Object {
                    "class": "economy",
                    "price": Object {
                      "amount": 200,
                      "currency": "SEK",
                    },
                    "status": "available",
                  },
                ],
              },
              Object {
                "seats": Array [
                  Object {
                    "class": "economy",
                    "price": Object {
                      "amount": 200,
                      "currency": "SEK",
                    },
                    "status": "available",
                  },
                  Object {
                    "class": "economy",
                    "price": Object {
                      "amount": 200,
                      "currency": "SEK",
                    },
                    "status": "available",
                  },
                ],
              },
            ],
          },
          Object {
            "groups": Array [
              Object {
                "seats": Array [
                  Object {
                    "class": "economy",
                    "price": Object {
                      "amount": 200,
                      "currency": "SEK",
                    },
                    "status": "available",
                  },
                  Object {
                    "class": "economy",
                    "price": Object {
                      "amount": 200,
                      "currency": "SEK",
                    },
                    "status": "available",
                  },
                ],
              },
              Object {
                "seats": Array [
                  Object {
                    "class": "economy",
                    "price": Object {
                      "amount": 200,
                      "currency": "SEK",
                    },
                    "status": "available",
                  },
                  Object {
                    "class": "economy",
                    "price": Object {
                      "amount": 200,
                      "currency": "SEK",
                    },
                    "status": "available",
                  },
                ],
              },
            ],
          },
          Object {
            "groups": Array [
              Object {
                "seats": Array [
                  Object {
                    "class": "economy",
                    "price": Object {
                      "amount": 200,
                      "currency": "SEK",
                    },
                    "status": "available",
                  },
                  Object {
                    "class": "economy",
                    "price": Object {
                      "amount": 200,
                      "currency": "SEK",
                    },
                    "status": "available",
                  },
                ],
              },
              Object {
                "seats": Array [
                  Object {
                    "class": "economy",
                    "price": Object {
                      "amount": 200,
                      "currency": "SEK",
                    },
                    "status": "available",
                  },
                  Object {
                    "class": "economy",
                    "price": Object {
                      "amount": 200,
                      "currency": "SEK",
                    },
                    "status": "available",
                  },
                ],
              },
            ],
          },
          Object {
            "groups": Array [
              Object {
                "seats": Array [
                  Object {
                    "class": "economy",
                    "price": Object {
                      "amount": 200,
                      "currency": "SEK",
                    },
                    "status": "available",
                  },
                  Object {
                    "class": "economy",
                    "price": Object {
                      "amount": 200,
                      "currency": "SEK",
                    },
                    "status": "available",
                  },
                ],
              },
              Object {
                "seats": Array [
                  Object {
                    "class": "economy",
                    "price": Object {
                      "amount": 200,
                      "currency": "SEK",
                    },
                    "status": "available",
                  },
                  Object {
                    "class": "economy",
                    "price": Object {
                      "amount": 200,
                      "currency": "SEK",
                    },
                    "status": "available",
                  },
                ],
              },
            ],
          },
          Object {
            "exit": true,
            "groups": Array [
              Object {
                "seats": Array [
                  Object {
                    "category": "exit-legroom",
                    "class": "economy",
                    "legroom": true,
                    "price": Object {
                      "amount": 200,
                      "currency": "SEK",
                    },
                    "status": "available",
                  },
                  Object {
                    "category": "exit-legroom",
                    "class": "economy",
                    "legroom": true,
                    "price": Object {
                      "amount": 200,
                      "currency": "SEK",
                    },
                    "status": "available",
                  },
                ],
              },
              Object {
                "seats": Array [
                  Object {
                    "category": "exit-legroom",
                    "class": "economy",
                    "legroom": true,
                    "price": Object {
                      "amount": 200,
                      "currency": "SEK",
                    },
                    "status": "available",
                  },
                  Object {
                    "category": "exit-legroom",
                    "class": "economy",
                    "legroom": true,
                    "price": Object {
                      "amount": 200,
                      "currency": "SEK",
                    },
                    "status": "available",
                  },
                ],
              },
            ],
          },
          Object {
            "groups": Array [
              Object {
                "seats": Array [
                  Object {
                    "class": "economy",
                    "price": Object {
                      "amount": 200,
                      "currency": "SEK",
                    },
                    "status": "available",
                  },
                  Object {
                    "class": "economy",
                    "price": Object {
                      "amount": 200,
                      "currency": "SEK",
                    },
                    "status": "available",
                  },
                ],
              },
              Object {
                "seats": Array [
                  Object {
                    "class": "economy",
                    "price": Object {
                      "amount": 200,
                      "currency": "SEK",
                    },
                    "status": "available",
                  },
                  Object {
                    "class": "economy",
                    "price": Object {
                      "amount": 200,
                      "currency": "SEK",
                    },
                    "status": "available",
                  },
                ],
              },
            ],
          },
          Object {
            "groups": Array [
              Object {
                "seats": Array [
                  Object {
                    "class": "economy",
                    "price": Object {
                      "amount": 200,
                      "currency": "SEK",
                    },
                    "status": "available",
                  },
                  Object {
                    "class": "economy",
                    "price": Object {
                      "amount": 200,
                      "currency": "SEK",
                    },
                    "status": "available",
                  },
                ],
              },
              Object {
                "seats": Array [
                  Object {
                    "class": "economy",
                    "price": Object {
                      "amount": 200,
                      "currency": "SEK",
                    },
                    "status": "available",
                  },
                  Object {
                    "class": "economy",
                    "price": Object {
                      "amount": 200,
                      "currency": "SEK",
                    },
                    "status": "available",
                  },
                ],
              },
            ],
          },
          Object {
            "groups": Array [
              Object {
                "seats": Array [
                  Object {
                    "class": "economy",
                    "price": Object {
                      "amount": 200,
                      "currency": "SEK",
                    },
                    "status": "available",
                  },
                  Object {
                    "class": "economy",
                    "price": Object {
                      "amount": 200,
                      "currency": "SEK",
                    },
                    "status": "available",
                  },
                ],
              },
              Object {
                "seats": Array [
                  Object {
                    "class": "economy",
                    "price": Object {
                      "amount": 200,
                      "currency": "SEK",
                    },
                    "status": "available",
                  },
                  Object {
                    "class": "economy",
                    "price": Object {
                      "amount": 200,
                      "currency": "SEK",
                    },
                    "status": "available",
                  },
                ],
              },
            ],
          },
          Object {
            "groups": Array [
              Object {
                "seats": Array [
                  Object {
                    "class": "economy",
                    "price": Object {
                      "amount": 200,
                      "currency": "SEK",
                    },
                    "status": "available",
                  },
                  Object {
                    "class": "economy",
                    "price": Object {
                      "amount": 200,
                      "currency": "SEK",
                    },
                    "status": "available",
                  },
                ],
              },
              Object {
                "seats": Array [
                  Object {
                    "class": "economy",
                    "price": Object {
                      "amount": 200,
                      "currency": "SEK",
                    },
                    "status": "available",
                  },
                  Object {
                    "class": "economy",
                    "price": Object {
                      "amount": 200,
                      "currency": "SEK",
                    },
                    "status": "available",
                  },
                ],
              },
            ],
          },
          Object {
            "groups": Array [
              Object {
                "seats": Array [
                  Object {
                    "class": "economy",
                    "price": Object {
                      "amount": 200,
                      "currency": "SEK",
                    },
                    "status": "available",
                  },
                  Object {
                    "class": "economy",
                    "price": Object {
                      "amount": 200,
                      "currency": "SEK",
                    },
                    "status": "available",
                  },
                ],
              },
              Object {
                "seats": Array [
                  Object {
                    "class": "economy",
                    "price": Object {
                      "amount": 200,
                      "currency": "SEK",
                    },
                    "status": "available",
                  },
                  Object {
                    "class": "economy",
                    "price": Object {
                      "amount": 200,
                      "currency": "SEK",
                    },
                    "status": "available",
                  },
                ],
              },
            ],
          },
          Object {
            "groups": Array [
              Object {
                "seats": Array [
                  Object {
                    "class": "economy",
                    "price": Object {
                      "amount": 200,
                      "currency": "SEK",
                    },
                    "status": "available",
                  },
                  Object {
                    "class": "economy",
                    "price": Object {
                      "amount": 200,
                      "currency": "SEK",
                    },
                    "status": "available",
                  },
                ],
              },
              Object {
                "seats": Array [
                  Object {
                    "class": "economy",
                    "price": Object {
                      "amount": 200,
                      "currency": "SEK",
                    },
                    "status": "available",
                  },
                  Object {
                    "class": "economy",
                    "price": Object {
                      "amount": 200,
                      "currency": "SEK",
                    },
                    "status": "available",
                  },
                ],
              },
            ],
          },
        ],
        "to": Object {
          "code": "ARN",
          "name": "Arlanda Airport",
        },
      },
    ],
  },
  "passengers": Array [
    Object {
      "ageGroup": "child",
      "departure": Array [
        Object {
          "reference": "FL-001",
        },
      ],
      "name": Object {
        "first": "Pelle",
        "last": "Karlsson",
      },
      "reference": "p-00A",
      "return": Array [
        Object {
          "reference": "FL-002",
        },
      ],
    },
  ],
  "reference": "AAAA12",
}
`;
